https://localhost:8443/won/resource/event/4240608697617289000
https://localhost:8443/won/resource/event/bdlertk71nx2mtu6tgou
https://localhost:8443/won/resource/event/oy525npzylaeic4w4kvg
https://localhost:8443/won/resource/event/lkf3jxkjp5v9o71t8bsb
https://localhost:8443/won/resource/event/4672813835273634000
https://localhost:8443/won/resource/event/1zp49xutzuw6w7etotxk
https://localhost:8443/won/resource/event/6671551888677331000
https://localhost:8443/won/resource/event/2i6eieqj3z44fc62loe3
https://localhost:8443/won/resource/event/qxy7d1ql59uzorccngdo
https://localhost:8443/won/resource/event/usi9yhill1lo2xi70sjx
https://localhost:8443/won/resource/event/ljkwmhkooz54bshrx1m5
https://localhost:8443/won/resource/event/qy3k0igvj310ejofcqa9
https://localhost:8443/won/resource/event/5669098069340991000
https://localhost:8443/won/resource/event/t1h3u3s5q6is5sewv843
https://localhost:8443/won/resource/event/2gwtnta4od8xzqdubbkg
https://localhost:8443/won/resource/event/00d5wzbbf8hzzt2eewcc
https://localhost:8443/won/resource/event/q3wcoxjougj7awlo805f
https://localhost:8443/won/resource/event/omh6mnwfqczgjimg3sch
https://localhost:8443/won/resource/event/557600936467257340
https://localhost:8443/won/resource/event/diabwxkvjvkh53zrrwjd
https://localhost:8443/won/resource/event/9fhq1ef81bw0vwps12c5
https://localhost:8443/won/resource/event/ow321nn1va6clfidc4s0
https://localhost:8443/won/resource/event/tggbraefz9y07d2npt2m
https://localhost:8443/won/resource/event/to1pxp688kcn0wo30yu6
https://localhost:8443/won/resource/event/1435888415723958200
https://localhost:8443/won/resource/event/3jaz102f0678yab8vwx2
https://localhost:8443/won/resource/event/attqb66yn0hd7rj0m483
https://localhost:8443/won/resource/event/mt1f8i41bogt7kc91fi6
https://localhost:8443/won/resource/event/whryytxsc7il9og0zs2z
https://localhost:8443/won/resource/event/gha3693zdigediknod00