https://localhost:8443/won/resource/event/m8b6jvgclclzy48p7wqd