https://localhost:8443/won/resource/event/1435888415723958200