https://localhost:8443/won/resource/event/5669098069340991000