https://localhost:8443/won/resource/event/557600936467257340